26.03.2026 19:38:37-log: Cannot access game frame or container.
26.03.2026 19:38:37-debug: asset-db:require-engine-code (1420ms)
26.03.2026 19:38:37-log: meshopt wasm decoder initialized
26.03.2026 19:38:37-log: [box2d]:box2d wasm lib loaded.
26.03.2026 19:38:37-log: [bullet]:bullet wasm lib loaded.
26.03.2026 19:38:37-log: Cocos Creator v3.8.6
26.03.2026 19:38:37-log: Using legacy pipeline
26.03.2026 19:38:37-debug: [Assets Memory track]: asset-db:worker-init: initEngine start:31.55MB, end 80.07MB, increase: 48.52MB
26.03.2026 19:38:40-debug: [Assets Memory track]: asset-db-plugin-register: builder start:84.27MB, end 224.73MB, increase: 140.47MB
26.03.2026 19:38:38-debug: [Assets Memory track]: asset-db-plugin-register: programming start:80.94MB, end 84.23MB, increase: 3.29MB
26.03.2026 19:38:40-debug: [Assets Memory track]: asset-db-plugin-register: engine-extends start:224.98MB, end 228.19MB, increase: 3.21MB
26.03.2026 19:38:37-log: Forward render pipeline initialized.
26.03.2026 19:38:40-debug: [Assets Memory track]: asset-db:worker-init: initPlugin start:80.10MB, end 228.42MB, increase: 148.33MB
26.03.2026 19:38:40-debug: [Assets Memory track]: asset-db-plugin-register: project start:80.79MB, end 228.39MB, increase: 147.60MB
26.03.2026 19:38:40-debug: asset-db:worker-init: initPlugin (2497ms)
26.03.2026 19:38:40-debug: [Assets Memory track]: asset-db:worker-init start:31.54MB, end 228.53MB, increase: 196.99MB
26.03.2026 19:38:40-debug: Run asset db hook programming:beforePreStart success!
26.03.2026 19:38:40-debug: Run asset db hook engine-extends:beforePreStart success!
26.03.2026 19:38:40-debug: Run asset db hook programming:beforePreStart ...
26.03.2026 19:38:40-debug: Run asset db hook engine-extends:beforePreStart ...
26.03.2026 19:38:40-debug: asset-db:worker-init (4243ms)
26.03.2026 19:38:40-debug: asset-db-hook-programming-beforePreStart (190ms)
26.03.2026 19:38:40-debug: asset-db-hook-engine-extends-beforePreStart (190ms)
26.03.2026 19:38:40-debug: Preimport db internal success
26.03.2026 19:38:40-debug: Preimport db assets success
26.03.2026 19:38:40-debug: Run asset db hook programming:afterPreStart ...
26.03.2026 19:38:40-debug: starting packer-driver...
26.03.2026 19:38:41-debug: initialize scripting environment...
26.03.2026 19:38:41-debug: [[Executor]] prepare before lock
26.03.2026 19:38:41-debug: Set detail map pack:///resolution-detail-map.json: {}
26.03.2026 19:38:41-debug: [[Executor]] prepare after unlock
26.03.2026 19:38:41-debug: Run asset db hook programming:afterPreStart success!
26.03.2026 19:38:41-debug: [Assets Memory track]: asset-db:worker-init: preStart start:228.54MB, end 231.95MB, increase: 3.41MB
26.03.2026 19:38:41-debug: Run asset db hook engine-extends:afterPreStart ...
26.03.2026 19:38:41-debug: Run asset db hook engine-extends:afterPreStart success!
26.03.2026 19:38:41-debug: Start up the 'internal' database...
26.03.2026 19:38:41-debug: asset-db-hook-programming-afterPreStart (1094ms)
26.03.2026 19:38:41-debug: asset-db:worker-effect-data-processing (541ms)
26.03.2026 19:38:41-debug: asset-db-hook-engine-extends-afterPreStart (541ms)
26.03.2026 19:38:41-debug: [Assets Memory track]: asset-db:worker-startup-database[internal] start:228.63MB, end 263.39MB, increase: 34.76MB
26.03.2026 19:38:41-debug: Start up the 'assets' database...
26.03.2026 19:38:41-debug: asset-db:worker-startup-database[internal] (1491ms)
26.03.2026 19:38:41-debug: [Assets Memory track]: asset-db:worker-startup-database[assets] start:230.28MB, end 264.01MB, increase: 33.73MB
26.03.2026 19:38:41-debug: lazy register asset handler directory
26.03.2026 19:38:41-debug: lazy register asset handler *
26.03.2026 19:38:41-debug: lazy register asset handler json
26.03.2026 19:38:41-debug: [Assets Memory track]: asset-db:worker-init: startup start:231.97MB, end 264.02MB, increase: 32.05MB
26.03.2026 19:38:41-debug: lazy register asset handler dragonbones
26.03.2026 19:38:41-debug: lazy register asset handler spine-data
26.03.2026 19:38:41-debug: lazy register asset handler dragonbones-atlas
26.03.2026 19:38:41-debug: lazy register asset handler text
26.03.2026 19:38:41-debug: lazy register asset handler terrain
26.03.2026 19:38:41-debug: lazy register asset handler typescript
26.03.2026 19:38:41-debug: lazy register asset handler prefab
26.03.2026 19:38:41-debug: lazy register asset handler javascript
26.03.2026 19:38:41-debug: lazy register asset handler sprite-frame
26.03.2026 19:38:41-debug: lazy register asset handler tiled-map
26.03.2026 19:38:41-debug: lazy register asset handler scene
26.03.2026 19:38:41-debug: lazy register asset handler buffer
26.03.2026 19:38:41-debug: lazy register asset handler sign-image
26.03.2026 19:38:41-debug: lazy register asset handler alpha-image
26.03.2026 19:38:41-debug: lazy register asset handler texture
26.03.2026 19:38:41-debug: lazy register asset handler texture-cube
26.03.2026 19:38:41-debug: lazy register asset handler erp-texture-cube
26.03.2026 19:38:41-debug: lazy register asset handler texture-cube-face
26.03.2026 19:38:41-debug: lazy register asset handler render-texture
26.03.2026 19:38:41-debug: lazy register asset handler gltf
26.03.2026 19:38:41-debug: lazy register asset handler rt-sprite-frame
26.03.2026 19:38:41-debug: lazy register asset handler image
26.03.2026 19:38:41-debug: lazy register asset handler gltf-mesh
26.03.2026 19:38:41-debug: lazy register asset handler gltf-skeleton
26.03.2026 19:38:41-debug: lazy register asset handler gltf-scene
26.03.2026 19:38:41-debug: lazy register asset handler gltf-animation
26.03.2026 19:38:41-debug: lazy register asset handler gltf-embeded-image
26.03.2026 19:38:41-debug: lazy register asset handler material
26.03.2026 19:38:41-debug: lazy register asset handler gltf-material
26.03.2026 19:38:41-debug: lazy register asset handler physics-material
26.03.2026 19:38:41-debug: lazy register asset handler effect
26.03.2026 19:38:41-debug: lazy register asset handler effect-header
26.03.2026 19:38:41-debug: lazy register asset handler animation-clip
26.03.2026 19:38:41-debug: lazy register asset handler fbx
26.03.2026 19:38:41-debug: lazy register asset handler audio-clip
26.03.2026 19:38:41-debug: lazy register asset handler animation-graph
26.03.2026 19:38:41-debug: lazy register asset handler ttf-font
26.03.2026 19:38:41-debug: lazy register asset handler animation-graph-variant
26.03.2026 19:38:41-debug: lazy register asset handler bitmap-font
26.03.2026 19:38:41-debug: lazy register asset handler animation-mask
26.03.2026 19:38:41-debug: lazy register asset handler auto-atlas
26.03.2026 19:38:41-debug: lazy register asset handler sprite-atlas
26.03.2026 19:38:41-debug: lazy register asset handler label-atlas
26.03.2026 19:38:41-debug: lazy register asset handler render-pipeline
26.03.2026 19:38:41-debug: lazy register asset handler render-flow
26.03.2026 19:38:41-debug: lazy register asset handler render-stage
26.03.2026 19:38:41-debug: lazy register asset handler instantiation-material
26.03.2026 19:38:41-debug: lazy register asset handler instantiation-skeleton
26.03.2026 19:38:41-debug: lazy register asset handler instantiation-mesh
26.03.2026 19:38:41-debug: lazy register asset handler instantiation-animation
26.03.2026 19:38:41-debug: lazy register asset handler video-clip
26.03.2026 19:38:41-debug: lazy register asset handler particle
26.03.2026 19:38:43-debug: asset-db:worker-startup-database[assets] (2655ms)
26.03.2026 19:38:43-debug: asset-db:start-database (2917ms)
26.03.2026 19:38:43-debug: asset-db:ready (11083ms)
26.03.2026 19:38:43-debug: fix the bug of updateDefaultUserData
26.03.2026 19:38:44-debug: [Build Memory track]: builder:worker-init start:267.26MB, end 277.97MB, increase: 10.71MB
26.03.2026 19:38:43-debug: init worker message success
26.03.2026 19:38:44-debug: programming:execute-script (767ms)
26.03.2026 19:38:44-debug: builder:worker-init (762ms)
26.03.2026 19:38:44-debug: Query all assets info in project
26.03.2026 19:38:44-debug: init custom config: keepNodeUuid: false, useCache: true
26.03.2026 19:38:44-debug: Skip compress image, progress: 0%
26.03.2026 19:38:44-debug: Init all bundles start..., progress: 0%
26.03.2026 19:38:44-debug: Query asset bundle start, progress: 0%
26.03.2026 19:38:44-debug: // ---- build task Query asset bundle ----
26.03.2026 19:38:44-debug: Init bundle root assets start..., progress: 0%
26.03.2026 19:38:44-debug: Num of bundles: 2..., progress: 0%
26.03.2026 19:38:44-debug: Query preload assets/scripts from cc.config.json: 60f7195c-ec2a-45eb-ba94-8955f60e81d0,1c02ae6f-4492-4915-b8f8-7492a3b1e4cd,810e96e4-e456-4468-9b59-f4e8f39732c0,efe8e2a3-eace-427b-b4f1-cb8a937ec77d,e9aa9a3e-5b2b-4ac7-a2c7-073de2b2b24f,8bbdbcdd-5cd4-4100-b6d5-b7c9625b6107,50f4348b-c883-4e2f-8f11-ce233b859fa1,fda095cb-831d-4601-ad94-846013963de8,f92806d7-1768-443f-afe8-12bcde84d0f0,dd3a144d-ab7f-41f0-82b8-2e43a090d496,f0416e68-0200-4b77-a926-4f9d16e494da,970b0598-bcb0-4714-91fb-2e81440dccd8,bcd64cc6-2dd9-43f6-abbe-66318d332032,d930590d-bb92-4cc8-8bd1-23cd027f9edf,a3cd009f-0ab0-420d-9278-b9fdab939bbc,6a2d0734-bd9e-4ddf-946e-caa52498cb75,c27215d8-6835-4b68-bfbb-bdeac6100c04,b5d6115f-0370-4d7c-aad3-c194cc71cf98,871c3b6c-7379-419d-bda3-794b239ab90d,ff9b0199-ce04-4cfe-86cc-6c719f08d6e4,de1c2107-70c8-4021-8459-6399f24d01c6,cbf30902-517f-40dc-af90-a550bac27cf1
26.03.2026 19:38:44-debug:   Number of all scenes: 1
26.03.2026 19:38:44-debug:   Number of all scripts: 21
26.03.2026 19:38:44-debug:   Number of other assets: 355
26.03.2026 19:38:44-debug: Init bundle root assets success..., progress: 0%
26.03.2026 19:38:44-debug: // ---- build task Query asset bundle ---- (9ms)
26.03.2026 19:38:44-log: run build task Query asset bundle success in 9 ms√, progress: 5%
26.03.2026 19:38:44-debug: [Build Memory track]: Query asset bundle start:279.68MB, end 280.33MB, increase: 664.02KB
26.03.2026 19:38:44-debug: // ---- build task Query asset bundle ----
26.03.2026 19:38:44-debug: Query asset bundle start, progress: 5%
26.03.2026 19:38:44-debug: // ---- build task Query asset bundle ---- (4ms)
26.03.2026 19:38:44-log: run build task Query asset bundle success in 4 ms√, progress: 10%
26.03.2026 19:38:44-debug: [Build Memory track]: Query asset bundle start:280.37MB, end 280.46MB, increase: 94.71KB
26.03.2026 19:38:44-debug: Sort some build options to settings.json start, progress: 10%
26.03.2026 19:38:44-debug: // ---- build task Sort some build options to settings.json ----
26.03.2026 19:38:44-debug: // ---- build task Sort some build options to settings.json ---- (2ms)
26.03.2026 19:38:44-log: run build task Sort some build options to settings.json success in 2 ms√, progress: 12%
26.03.2026 19:38:44-debug: [Build Memory track]: Sort some build options to settings.json start:280.49MB, end 280.52MB, increase: 31.63KB
26.03.2026 19:38:44-debug: Fill script data to settings start, progress: 12%
26.03.2026 19:38:44-debug: // ---- build task Fill script data to settings ----
26.03.2026 19:38:44-debug: // ---- build task Fill script data to settings ---- (2ms)
26.03.2026 19:38:44-log: run build task Fill script data to settings success in 2 ms√, progress: 13%
26.03.2026 19:38:44-debug: [Build Memory track]: Fill script data to settings start:280.56MB, end 280.59MB, increase: 31.13KB
26.03.2026 19:38:44-debug: // ---- build task Sort some build options to settings.json ----
26.03.2026 19:38:44-debug: Sort some build options to settings.json start, progress: 13%
26.03.2026 19:38:44-log: run build task Sort some build options to settings.json success in 5 ms√, progress: 15%
26.03.2026 19:38:44-debug: [Build Memory track]: Sort some build options to settings.json start:280.63MB, end 280.77MB, increase: 145.16KB
26.03.2026 19:38:44-debug: // ---- build task Sort some build options to settings.json ---- (5ms)
26.03.2026 19:38:45-debug: Query all assets info in project
26.03.2026 19:38:45-debug: init custom config: keepNodeUuid: false, useCache: true
26.03.2026 19:38:45-debug: Skip compress image, progress: 0%
26.03.2026 19:38:45-debug: Init all bundles start..., progress: 0%
26.03.2026 19:38:45-debug: Num of bundles: 2..., progress: 0%
26.03.2026 19:38:45-debug: // ---- build task Query asset bundle ----
26.03.2026 19:38:45-debug: Query asset bundle start, progress: 0%
26.03.2026 19:38:45-debug: Init bundle root assets start..., progress: 0%
26.03.2026 19:38:45-debug: Query preload assets/scripts from cc.config.json: 60f7195c-ec2a-45eb-ba94-8955f60e81d0,1c02ae6f-4492-4915-b8f8-7492a3b1e4cd,810e96e4-e456-4468-9b59-f4e8f39732c0,efe8e2a3-eace-427b-b4f1-cb8a937ec77d,e9aa9a3e-5b2b-4ac7-a2c7-073de2b2b24f,8bbdbcdd-5cd4-4100-b6d5-b7c9625b6107,50f4348b-c883-4e2f-8f11-ce233b859fa1,fda095cb-831d-4601-ad94-846013963de8,f92806d7-1768-443f-afe8-12bcde84d0f0,dd3a144d-ab7f-41f0-82b8-2e43a090d496,f0416e68-0200-4b77-a926-4f9d16e494da,970b0598-bcb0-4714-91fb-2e81440dccd8,bcd64cc6-2dd9-43f6-abbe-66318d332032,d930590d-bb92-4cc8-8bd1-23cd027f9edf,a3cd009f-0ab0-420d-9278-b9fdab939bbc,6a2d0734-bd9e-4ddf-946e-caa52498cb75,c27215d8-6835-4b68-bfbb-bdeac6100c04,b5d6115f-0370-4d7c-aad3-c194cc71cf98,871c3b6c-7379-419d-bda3-794b239ab90d,ff9b0199-ce04-4cfe-86cc-6c719f08d6e4,de1c2107-70c8-4021-8459-6399f24d01c6,cbf30902-517f-40dc-af90-a550bac27cf1
26.03.2026 19:38:45-debug:   Number of all scenes: 1
26.03.2026 19:38:45-debug:   Number of other assets: 355
26.03.2026 19:38:45-debug: Init bundle root assets success..., progress: 0%
26.03.2026 19:38:45-debug:   Number of all scripts: 21
26.03.2026 19:38:45-debug: // ---- build task Query asset bundle ---- (7ms)
26.03.2026 19:38:45-log: run build task Query asset bundle success in 7 ms√, progress: 5%
26.03.2026 19:38:45-debug: [Build Memory track]: Query asset bundle start:281.55MB, end 282.15MB, increase: 612.43KB
26.03.2026 19:38:45-debug: Query asset bundle start, progress: 5%
26.03.2026 19:38:45-debug: // ---- build task Query asset bundle ----
26.03.2026 19:38:45-debug: // ---- build task Query asset bundle ---- (5ms)
26.03.2026 19:38:45-log: run build task Query asset bundle success in 5 ms√, progress: 10%
26.03.2026 19:38:45-debug: [Build Memory track]: Query asset bundle start:282.18MB, end 282.28MB, increase: 94.45KB
26.03.2026 19:38:45-debug: Sort some build options to settings.json start, progress: 10%
26.03.2026 19:38:45-debug: // ---- build task Sort some build options to settings.json ----
26.03.2026 19:38:45-debug: // ---- build task Sort some build options to settings.json ---- (2ms)
26.03.2026 19:38:45-log: run build task Sort some build options to settings.json success in 2 ms√, progress: 12%
26.03.2026 19:38:45-debug: [Build Memory track]: Sort some build options to settings.json start:282.32MB, end 282.35MB, increase: 31.52KB
26.03.2026 19:38:45-debug: // ---- build task Fill script data to settings ----
26.03.2026 19:38:45-debug: Fill script data to settings start, progress: 12%
26.03.2026 19:38:45-debug: // ---- build task Fill script data to settings ---- (3ms)
26.03.2026 19:38:45-debug: [Build Memory track]: Fill script data to settings start:282.38MB, end 282.42MB, increase: 35.41KB
26.03.2026 19:38:45-debug: // ---- build task Sort some build options to settings.json ----
26.03.2026 19:38:45-log: run build task Fill script data to settings success in 3 ms√, progress: 13%
26.03.2026 19:38:45-debug: Sort some build options to settings.json start, progress: 13%
26.03.2026 19:38:45-debug: // ---- build task Sort some build options to settings.json ---- (11ms)
26.03.2026 19:38:45-debug: [Build Memory track]: Sort some build options to settings.json start:282.45MB, end 282.59MB, increase: 140.70KB
26.03.2026 19:38:45-log: run build task Sort some build options to settings.json success in 11 ms√, progress: 15%
26.03.2026 19:39:36-debug: refresh db internal success
26.03.2026 19:39:36-debug: refresh db assets success
26.03.2026 19:39:36-debug: Run asset db hook engine-extends:afterRefresh ...
26.03.2026 19:39:36-debug: Run asset db hook engine-extends:afterRefresh success!
26.03.2026 19:39:36-debug: asset-db:refresh-all-database (142ms)
26.03.2026 19:39:36-debug: asset-db:worker-effect-data-processing (1ms)
26.03.2026 19:39:36-debug: asset-db-hook-engine-extends-afterRefresh (1ms)
26.03.2026 19:40:10-debug: refresh db internal success
26.03.2026 19:40:10-debug: refresh db assets success
26.03.2026 19:40:10-debug: Run asset db hook engine-extends:afterRefresh ...
26.03.2026 19:40:10-debug: Run asset db hook engine-extends:afterRefresh success!
26.03.2026 19:40:10-debug: asset-db:refresh-all-database (132ms)
26.03.2026 19:40:10-debug: asset-db:worker-effect-data-processing (1ms)
26.03.2026 19:40:10-debug: asset-db-hook-engine-extends-afterRefresh (2ms)
26.03.2026 19:40:32-debug: refresh db internal success
26.03.2026 19:40:32-debug: refresh db assets success
26.03.2026 19:40:32-debug: Run asset db hook engine-extends:afterRefresh success!
26.03.2026 19:40:32-debug: Run asset db hook engine-extends:afterRefresh ...
26.03.2026 19:40:32-debug: asset-db:refresh-all-database (255ms)
26.03.2026 19:40:32-debug: asset-db-hook-engine-extends-afterRefresh (421ms)
26.03.2026 19:40:32-debug: asset-db:worker-effect-data-processing (420ms)
26.03.2026 19:41:45-debug: refresh db internal success
26.03.2026 19:41:45-debug: refresh db assets success
26.03.2026 19:41:45-debug: Run asset db hook engine-extends:afterRefresh ...
26.03.2026 19:41:45-debug: Run asset db hook engine-extends:afterRefresh success!
26.03.2026 19:41:45-debug: asset-db:refresh-all-database (125ms)
26.03.2026 19:41:45-debug: asset-db:worker-effect-data-processing (2ms)
26.03.2026 19:41:45-debug: asset-db-hook-engine-extends-afterRefresh (2ms)
26.03.2026 19:42:29-debug: %cImport%c: D:\Dev\Games\gambling-mini-game\assets\scenes\Main.scenebackground: #aaff85; color: #000;color: #000;
26.03.2026 19:42:29-debug: asset-db:reimport-asset7c3b3c5a-08bc-4acd-a671-0609bb3d8341 (20ms)
26.03.2026 19:42:30-debug: Query all assets info in project
26.03.2026 19:42:30-debug: init custom config: keepNodeUuid: false, useCache: true
26.03.2026 19:42:30-debug: Skip compress image, progress: 0%
26.03.2026 19:42:30-debug: Init all bundles start..., progress: 0%
26.03.2026 19:42:30-debug: // ---- build task Query asset bundle ----
26.03.2026 19:42:30-debug: Init bundle root assets start..., progress: 0%
26.03.2026 19:42:30-debug: Query asset bundle start, progress: 0%
26.03.2026 19:42:30-debug: Num of bundles: 2..., progress: 0%
26.03.2026 19:42:30-debug: Query preload assets/scripts from cc.config.json: 60f7195c-ec2a-45eb-ba94-8955f60e81d0,1c02ae6f-4492-4915-b8f8-7492a3b1e4cd,810e96e4-e456-4468-9b59-f4e8f39732c0,efe8e2a3-eace-427b-b4f1-cb8a937ec77d,e9aa9a3e-5b2b-4ac7-a2c7-073de2b2b24f,8bbdbcdd-5cd4-4100-b6d5-b7c9625b6107,50f4348b-c883-4e2f-8f11-ce233b859fa1,fda095cb-831d-4601-ad94-846013963de8,f92806d7-1768-443f-afe8-12bcde84d0f0,dd3a144d-ab7f-41f0-82b8-2e43a090d496,f0416e68-0200-4b77-a926-4f9d16e494da,970b0598-bcb0-4714-91fb-2e81440dccd8,bcd64cc6-2dd9-43f6-abbe-66318d332032,d930590d-bb92-4cc8-8bd1-23cd027f9edf,a3cd009f-0ab0-420d-9278-b9fdab939bbc,6a2d0734-bd9e-4ddf-946e-caa52498cb75,c27215d8-6835-4b68-bfbb-bdeac6100c04,b5d6115f-0370-4d7c-aad3-c194cc71cf98,871c3b6c-7379-419d-bda3-794b239ab90d,ff9b0199-ce04-4cfe-86cc-6c719f08d6e4,de1c2107-70c8-4021-8459-6399f24d01c6,cbf30902-517f-40dc-af90-a550bac27cf1
26.03.2026 19:42:30-debug:   Number of all scenes: 1
26.03.2026 19:42:30-debug:   Number of all scripts: 21
26.03.2026 19:42:30-debug:   Number of other assets: 355
26.03.2026 19:42:30-debug: Init bundle root assets success..., progress: 0%
26.03.2026 19:42:30-log: run build task Query asset bundle success in 7 ms√, progress: 5%
26.03.2026 19:42:30-debug: Query asset bundle start, progress: 5%
26.03.2026 19:42:30-debug: [Build Memory track]: Query asset bundle start:201.23MB, end 201.03MB, increase: -207.96KB
26.03.2026 19:42:30-debug: // ---- build task Query asset bundle ----
26.03.2026 19:42:30-debug: // ---- build task Query asset bundle ---- (7ms)
26.03.2026 19:42:30-debug: // ---- build task Query asset bundle ---- (5ms)
26.03.2026 19:42:30-log: run build task Query asset bundle success in 5 ms√, progress: 10%
26.03.2026 19:42:30-debug: // ---- build task Sort some build options to settings.json ----
26.03.2026 19:42:30-debug: [Build Memory track]: Query asset bundle start:201.06MB, end 201.16MB, increase: 95.58KB
26.03.2026 19:42:30-debug: Sort some build options to settings.json start, progress: 10%
26.03.2026 19:42:30-debug: // ---- build task Sort some build options to settings.json ---- (10ms)
26.03.2026 19:42:30-debug: [Build Memory track]: Sort some build options to settings.json start:201.19MB, end 201.22MB, increase: 31.75KB
26.03.2026 19:42:30-debug: Fill script data to settings start, progress: 12%
26.03.2026 19:42:30-debug: // ---- build task Fill script data to settings ----
26.03.2026 19:42:30-log: run build task Sort some build options to settings.json success in 10 ms√, progress: 12%
26.03.2026 19:42:30-debug: // ---- build task Fill script data to settings ---- (9ms)
26.03.2026 19:42:30-debug: [Build Memory track]: Fill script data to settings start:201.26MB, end 201.29MB, increase: 31.06KB
26.03.2026 19:42:30-log: run build task Fill script data to settings success in 9 ms√, progress: 13%
26.03.2026 19:42:30-debug: Sort some build options to settings.json start, progress: 13%
26.03.2026 19:42:30-debug: // ---- build task Sort some build options to settings.json ----
26.03.2026 19:42:30-debug: // ---- build task Sort some build options to settings.json ---- (7ms)
26.03.2026 19:42:30-log: run build task Sort some build options to settings.json success in 7 ms√, progress: 15%
26.03.2026 19:42:30-debug: [Build Memory track]: Sort some build options to settings.json start:201.32MB, end 201.45MB, increase: 136.34KB
26.03.2026 19:42:39-debug: %cImport%c: D:\Dev\Games\gambling-mini-game\assets\materials\wheel-glow.mtlbackground: #aaff85; color: #000;color: #000;
26.03.2026 19:42:39-debug: asset-db:reimport-asset7f962d7e-3f8d-480d-9cdd-101b58ac7d23 (14ms)
26.03.2026 19:42:39-debug: refresh db internal success
26.03.2026 19:42:39-debug: refresh db assets success
26.03.2026 19:42:39-debug: Run asset db hook engine-extends:afterRefresh ...
26.03.2026 19:42:39-debug: Run asset db hook engine-extends:afterRefresh success!
26.03.2026 19:42:39-debug: asset-db:refresh-all-database (134ms)
26.03.2026 19:42:39-debug: asset-db:worker-effect-data-processing (2ms)
26.03.2026 19:42:39-debug: asset-db-hook-engine-extends-afterRefresh (3ms)
26.03.2026 19:43:45-debug: refresh db internal success
26.03.2026 19:43:45-debug: refresh db assets success
26.03.2026 19:43:45-debug: Run asset db hook engine-extends:afterRefresh ...
26.03.2026 19:43:45-debug: Run asset db hook engine-extends:afterRefresh success!
26.03.2026 19:43:45-debug: asset-db:worker-effect-data-processing (1ms)
26.03.2026 19:43:45-debug: asset-db-hook-engine-extends-afterRefresh (1ms)
26.03.2026 19:43:45-debug: asset-db:refresh-all-database (124ms)
26.03.2026 19:44:30-debug: refresh db internal success
26.03.2026 19:44:30-debug: refresh db assets success
26.03.2026 19:44:30-debug: Run asset db hook engine-extends:afterRefresh ...
26.03.2026 19:44:30-debug: Run asset db hook engine-extends:afterRefresh success!
26.03.2026 19:44:30-debug: asset-db:refresh-all-database (121ms)
26.03.2026 19:44:30-debug: asset-db:worker-effect-data-processing (1ms)
26.03.2026 19:44:30-debug: asset-db-hook-engine-extends-afterRefresh (1ms)
26.03.2026 19:46:11-debug: refresh db internal success
26.03.2026 19:46:11-debug: refresh db assets success
26.03.2026 19:46:11-debug: Run asset db hook engine-extends:afterRefresh ...
26.03.2026 19:46:11-debug: Run asset db hook engine-extends:afterRefresh success!
26.03.2026 19:46:11-debug: asset-db:refresh-all-database (115ms)
26.03.2026 19:46:11-debug: asset-db:worker-effect-data-processing (1ms)
26.03.2026 19:46:11-debug: asset-db-hook-engine-extends-afterRefresh (2ms)
26.03.2026 19:46:29-debug: refresh db internal success
26.03.2026 19:46:29-debug: refresh db assets success
26.03.2026 19:46:29-debug: Run asset db hook engine-extends:afterRefresh ...
26.03.2026 19:46:29-debug: Run asset db hook engine-extends:afterRefresh success!
26.03.2026 19:46:29-debug: asset-db:refresh-all-database (120ms)
26.03.2026 19:46:29-debug: asset-db-hook-engine-extends-afterRefresh (2ms)
26.03.2026 19:53:33-debug: refresh db internal success
26.03.2026 19:53:33-debug: %cImport%c: D:\Dev\Games\gambling-mini-game\assets\scripts\game\WheelController.tsbackground: #aaff85; color: #000;color: #000;
26.03.2026 19:53:33-debug: refresh db assets success
26.03.2026 19:53:33-debug: Run asset db hook engine-extends:afterRefresh ...
26.03.2026 19:53:33-debug: Run asset db hook engine-extends:afterRefresh success!
26.03.2026 19:53:33-debug: asset-db:refresh-all-database (115ms)
26.03.2026 19:53:33-debug: asset-db:worker-effect-data-processing (1ms)
26.03.2026 19:53:33-debug: asset-db-hook-engine-extends-afterRefresh (2ms)
26.03.2026 19:53:34-debug: Query all assets info in project
26.03.2026 19:53:34-debug: init custom config: keepNodeUuid: false, useCache: true
26.03.2026 19:53:34-debug: Skip compress image, progress: 0%
26.03.2026 19:53:34-debug: Init all bundles start..., progress: 0%
26.03.2026 19:53:34-debug: Num of bundles: 2..., progress: 0%
26.03.2026 19:53:34-debug: Query asset bundle start, progress: 0%
26.03.2026 19:53:34-debug: Init bundle root assets start..., progress: 0%
26.03.2026 19:53:34-debug: // ---- build task Query asset bundle ----
26.03.2026 19:53:34-debug: Query preload assets/scripts from cc.config.json: 60f7195c-ec2a-45eb-ba94-8955f60e81d0,1c02ae6f-4492-4915-b8f8-7492a3b1e4cd,810e96e4-e456-4468-9b59-f4e8f39732c0,efe8e2a3-eace-427b-b4f1-cb8a937ec77d,e9aa9a3e-5b2b-4ac7-a2c7-073de2b2b24f,8bbdbcdd-5cd4-4100-b6d5-b7c9625b6107,50f4348b-c883-4e2f-8f11-ce233b859fa1,fda095cb-831d-4601-ad94-846013963de8,f92806d7-1768-443f-afe8-12bcde84d0f0,dd3a144d-ab7f-41f0-82b8-2e43a090d496,f0416e68-0200-4b77-a926-4f9d16e494da,970b0598-bcb0-4714-91fb-2e81440dccd8,bcd64cc6-2dd9-43f6-abbe-66318d332032,d930590d-bb92-4cc8-8bd1-23cd027f9edf,a3cd009f-0ab0-420d-9278-b9fdab939bbc,6a2d0734-bd9e-4ddf-946e-caa52498cb75,c27215d8-6835-4b68-bfbb-bdeac6100c04,b5d6115f-0370-4d7c-aad3-c194cc71cf98,871c3b6c-7379-419d-bda3-794b239ab90d,ff9b0199-ce04-4cfe-86cc-6c719f08d6e4,de1c2107-70c8-4021-8459-6399f24d01c6,cbf30902-517f-40dc-af90-a550bac27cf1
26.03.2026 19:53:34-debug:   Number of other assets: 355
26.03.2026 19:53:34-debug: Init bundle root assets success..., progress: 0%
26.03.2026 19:53:34-debug:   Number of all scripts: 21
26.03.2026 19:53:34-debug:   Number of all scenes: 1
26.03.2026 19:53:34-debug: // ---- build task Query asset bundle ---- (8ms)
26.03.2026 19:53:34-log: run build task Query asset bundle success in 8 ms√, progress: 5%
26.03.2026 19:53:34-debug: [Build Memory track]: Query asset bundle start:208.72MB, end 208.34MB, increase: -388.66KB
26.03.2026 19:53:34-debug: Query asset bundle start, progress: 5%
26.03.2026 19:53:34-debug: // ---- build task Query asset bundle ----
26.03.2026 19:53:34-debug: // ---- build task Query asset bundle ---- (2ms)
26.03.2026 19:53:34-log: run build task Query asset bundle success in 2 ms√, progress: 10%
26.03.2026 19:53:34-debug: [Build Memory track]: Query asset bundle start:208.36MB, end 208.45MB, increase: 87.62KB
26.03.2026 19:53:34-debug: // ---- build task Sort some build options to settings.json ----
26.03.2026 19:53:34-debug: Sort some build options to settings.json start, progress: 10%
26.03.2026 19:53:34-debug: // ---- build task Sort some build options to settings.json ---- (1ms)
26.03.2026 19:53:34-log: run build task Sort some build options to settings.json success in 1 ms√, progress: 12%
26.03.2026 19:53:34-debug: [Build Memory track]: Sort some build options to settings.json start:208.48MB, end 208.50MB, increase: 28.81KB
26.03.2026 19:53:34-debug: // ---- build task Fill script data to settings ----
26.03.2026 19:53:34-debug: Fill script data to settings start, progress: 12%
26.03.2026 19:53:34-debug: // ---- build task Fill script data to settings ---- (2ms)
26.03.2026 19:53:34-log: run build task Fill script data to settings success in 2 ms√, progress: 13%
26.03.2026 19:53:34-debug: [Build Memory track]: Fill script data to settings start:208.54MB, end 208.56MB, increase: 25.97KB
26.03.2026 19:53:34-debug: // ---- build task Sort some build options to settings.json ----
26.03.2026 19:53:34-debug: Sort some build options to settings.json start, progress: 13%
26.03.2026 19:53:34-debug: // ---- build task Sort some build options to settings.json ---- (4ms)
26.03.2026 19:53:34-log: run build task Sort some build options to settings.json success in 4 ms√, progress: 15%
26.03.2026 19:53:34-debug: [Build Memory track]: Sort some build options to settings.json start:208.59MB, end 208.71MB, increase: 127.21KB
26.03.2026 19:53:38-debug: refresh db internal success
26.03.2026 19:53:38-debug: refresh db assets success
26.03.2026 19:53:38-debug: Run asset db hook engine-extends:afterRefresh ...
26.03.2026 19:53:38-debug: Run asset db hook engine-extends:afterRefresh success!
26.03.2026 19:53:38-debug: asset-db:refresh-all-database (119ms)
26.03.2026 19:53:38-debug: asset-db:worker-effect-data-processing (2ms)
26.03.2026 19:53:38-debug: asset-db-hook-engine-extends-afterRefresh (2ms)
26.03.2026 19:55:48-debug: refresh db internal success
26.03.2026 19:55:48-debug: %cImport%c: D:\Dev\Games\gambling-mini-game\assets\materials\wheel-glow.effectbackground: #aaff85; color: #000;color: #000;
26.03.2026 19:55:48-debug: refresh db assets success
26.03.2026 19:55:48-debug: Run asset db hook engine-extends:afterRefresh ...
26.03.2026 19:55:48-debug: %cImport%c: D:\Dev\Games\gambling-mini-game\assets\materials\wheel-glow.mtlbackground: #aaff85; color: #000;color: #000;
26.03.2026 19:55:48-debug: asset-db:refresh-all-database (197ms)
26.03.2026 19:55:49-debug: recompile effect.bin success
26.03.2026 19:55:49-debug: Run asset db hook engine-extends:afterRefresh success!
26.03.2026 19:55:49-debug: asset-db:worker-effect-data-processing (491ms)
26.03.2026 19:55:49-debug: asset-db-hook-engine-extends-afterRefresh (491ms)
26.03.2026 19:56:04-debug: %cImport%c: D:\Dev\Games\gambling-mini-game\assets\scenes\Main.scenebackground: #aaff85; color: #000;color: #000;
26.03.2026 19:56:04-debug: asset-db:reimport-asset7c3b3c5a-08bc-4acd-a671-0609bb3d8341 (18ms)
26.03.2026 19:56:05-debug: Query all assets info in project
26.03.2026 19:56:05-debug: init custom config: keepNodeUuid: false, useCache: true
26.03.2026 19:56:05-debug: Skip compress image, progress: 0%
26.03.2026 19:56:05-debug: Init all bundles start..., progress: 0%
26.03.2026 19:56:05-debug: Num of bundles: 2..., progress: 0%
26.03.2026 19:56:05-debug: Query asset bundle start, progress: 0%
26.03.2026 19:56:05-debug: Init bundle root assets start..., progress: 0%
26.03.2026 19:56:05-debug: // ---- build task Query asset bundle ----
26.03.2026 19:56:05-debug: Query preload assets/scripts from cc.config.json: 60f7195c-ec2a-45eb-ba94-8955f60e81d0,1c02ae6f-4492-4915-b8f8-7492a3b1e4cd,810e96e4-e456-4468-9b59-f4e8f39732c0,efe8e2a3-eace-427b-b4f1-cb8a937ec77d,e9aa9a3e-5b2b-4ac7-a2c7-073de2b2b24f,8bbdbcdd-5cd4-4100-b6d5-b7c9625b6107,50f4348b-c883-4e2f-8f11-ce233b859fa1,fda095cb-831d-4601-ad94-846013963de8,f92806d7-1768-443f-afe8-12bcde84d0f0,dd3a144d-ab7f-41f0-82b8-2e43a090d496,f0416e68-0200-4b77-a926-4f9d16e494da,970b0598-bcb0-4714-91fb-2e81440dccd8,bcd64cc6-2dd9-43f6-abbe-66318d332032,d930590d-bb92-4cc8-8bd1-23cd027f9edf,a3cd009f-0ab0-420d-9278-b9fdab939bbc,6a2d0734-bd9e-4ddf-946e-caa52498cb75,c27215d8-6835-4b68-bfbb-bdeac6100c04,b5d6115f-0370-4d7c-aad3-c194cc71cf98,871c3b6c-7379-419d-bda3-794b239ab90d,ff9b0199-ce04-4cfe-86cc-6c719f08d6e4,de1c2107-70c8-4021-8459-6399f24d01c6,cbf30902-517f-40dc-af90-a550bac27cf1
26.03.2026 19:56:05-debug:   Number of all scripts: 21
26.03.2026 19:56:05-debug:   Number of all scenes: 1
26.03.2026 19:56:05-debug:   Number of other assets: 355
26.03.2026 19:56:05-debug: Init bundle root assets success..., progress: 0%
26.03.2026 19:56:05-debug: // ---- build task Query asset bundle ---- (6ms)
26.03.2026 19:56:05-log: run build task Query asset bundle success in 6 ms√, progress: 5%
26.03.2026 19:56:05-debug: [Build Memory track]: Query asset bundle start:214.11MB, end 214.70MB, increase: 610.77KB
26.03.2026 19:56:05-debug: Query asset bundle start, progress: 5%
26.03.2026 19:56:05-debug: // ---- build task Query asset bundle ----
26.03.2026 19:56:05-debug: // ---- build task Query asset bundle ---- (2ms)
26.03.2026 19:56:05-log: run build task Query asset bundle success in 2 ms√, progress: 10%
26.03.2026 19:56:05-debug: [Build Memory track]: Query asset bundle start:214.73MB, end 214.83MB, increase: 96.30KB
26.03.2026 19:56:05-debug: Sort some build options to settings.json start, progress: 10%
26.03.2026 19:56:05-debug: // ---- build task Sort some build options to settings.json ----
26.03.2026 19:56:05-debug: // ---- build task Sort some build options to settings.json ---- (1ms)
26.03.2026 19:56:05-log: run build task Sort some build options to settings.json success in 1 ms√, progress: 12%
26.03.2026 19:56:05-debug: [Build Memory track]: Sort some build options to settings.json start:214.85MB, end 214.89MB, increase: 35.44KB
26.03.2026 19:56:05-debug: Fill script data to settings start, progress: 12%
26.03.2026 19:56:05-debug: // ---- build task Fill script data to settings ----
26.03.2026 19:56:05-debug: // ---- build task Fill script data to settings ---- (1ms)
26.03.2026 19:56:05-log: run build task Fill script data to settings success in 1 ms√, progress: 13%
26.03.2026 19:56:05-debug: [Build Memory track]: Fill script data to settings start:214.91MB, end 214.94MB, increase: 26.13KB
26.03.2026 19:56:05-debug: Sort some build options to settings.json start, progress: 13%
26.03.2026 19:56:05-debug: // ---- build task Sort some build options to settings.json ----
26.03.2026 19:56:05-debug: // ---- build task Sort some build options to settings.json ---- (5ms)
26.03.2026 19:56:05-log: run build task Sort some build options to settings.json success in 5 ms√, progress: 15%
26.03.2026 19:56:05-debug: [Build Memory track]: Sort some build options to settings.json start:214.97MB, end 215.10MB, increase: 131.61KB
26.03.2026 19:56:34-debug: refresh db internal success
26.03.2026 19:56:34-debug: refresh db assets success
26.03.2026 19:56:34-debug: Run asset db hook engine-extends:afterRefresh ...
26.03.2026 19:56:34-debug: Run asset db hook engine-extends:afterRefresh success!
26.03.2026 19:56:34-debug: asset-db:refresh-all-database (114ms)
26.03.2026 19:56:34-debug: asset-db:worker-effect-data-processing (1ms)
26.03.2026 19:56:34-debug: asset-db-hook-engine-extends-afterRefresh (1ms)
26.03.2026 19:57:37-debug: refresh db internal success
26.03.2026 19:57:37-debug: %cImport%c: D:\Dev\Games\gambling-mini-game\assets\materials\wheel-glow.effectbackground: #aaff85; color: #000;color: #000;
26.03.2026 19:57:37-debug: refresh db assets success
26.03.2026 19:57:37-debug: Run asset db hook engine-extends:afterRefresh ...
26.03.2026 19:57:37-debug: asset-db:refresh-all-database (161ms)
26.03.2026 19:57:37-debug: %cImport%c: D:\Dev\Games\gambling-mini-game\assets\materials\wheel-glow.mtlbackground: #aaff85; color: #000;color: #000;
26.03.2026 19:57:38-debug: recompile effect.bin success
26.03.2026 19:57:38-debug: Run asset db hook engine-extends:afterRefresh success!
26.03.2026 19:57:38-debug: asset-db:worker-effect-data-processing (460ms)
26.03.2026 19:57:38-debug: asset-db-hook-engine-extends-afterRefresh (461ms)
26.03.2026 19:57:39-debug: refresh db internal success
26.03.2026 19:57:39-debug: refresh db assets success
26.03.2026 19:57:39-debug: Run asset db hook engine-extends:afterRefresh ...
26.03.2026 19:57:39-debug: Run asset db hook engine-extends:afterRefresh success!
26.03.2026 19:57:39-debug: asset-db:refresh-all-database (116ms)
26.03.2026 19:57:39-debug: asset-db:worker-effect-data-processing (1ms)
26.03.2026 19:57:39-debug: asset-db-hook-engine-extends-afterRefresh (1ms)
26.03.2026 19:57:53-debug: %cImport%c: D:\Dev\Games\gambling-mini-game\assets\scenes\Main.scenebackground: #aaff85; color: #000;color: #000;
26.03.2026 19:57:53-debug: asset-db:reimport-asset7c3b3c5a-08bc-4acd-a671-0609bb3d8341 (18ms)
26.03.2026 19:57:53-debug: Query all assets info in project
26.03.2026 19:57:53-debug: init custom config: keepNodeUuid: false, useCache: true
26.03.2026 19:57:53-debug: Skip compress image, progress: 0%
26.03.2026 19:57:53-debug: Init all bundles start..., progress: 0%
26.03.2026 19:57:53-debug: Num of bundles: 2..., progress: 0%
26.03.2026 19:57:53-debug: Query asset bundle start, progress: 0%
26.03.2026 19:57:53-debug: // ---- build task Query asset bundle ----
26.03.2026 19:57:53-debug: Init bundle root assets start..., progress: 0%
26.03.2026 19:57:53-debug: Query preload assets/scripts from cc.config.json: 60f7195c-ec2a-45eb-ba94-8955f60e81d0,1c02ae6f-4492-4915-b8f8-7492a3b1e4cd,810e96e4-e456-4468-9b59-f4e8f39732c0,efe8e2a3-eace-427b-b4f1-cb8a937ec77d,e9aa9a3e-5b2b-4ac7-a2c7-073de2b2b24f,8bbdbcdd-5cd4-4100-b6d5-b7c9625b6107,50f4348b-c883-4e2f-8f11-ce233b859fa1,fda095cb-831d-4601-ad94-846013963de8,f92806d7-1768-443f-afe8-12bcde84d0f0,dd3a144d-ab7f-41f0-82b8-2e43a090d496,f0416e68-0200-4b77-a926-4f9d16e494da,970b0598-bcb0-4714-91fb-2e81440dccd8,bcd64cc6-2dd9-43f6-abbe-66318d332032,d930590d-bb92-4cc8-8bd1-23cd027f9edf,a3cd009f-0ab0-420d-9278-b9fdab939bbc,6a2d0734-bd9e-4ddf-946e-caa52498cb75,c27215d8-6835-4b68-bfbb-bdeac6100c04,b5d6115f-0370-4d7c-aad3-c194cc71cf98,871c3b6c-7379-419d-bda3-794b239ab90d,ff9b0199-ce04-4cfe-86cc-6c719f08d6e4,de1c2107-70c8-4021-8459-6399f24d01c6,cbf30902-517f-40dc-af90-a550bac27cf1
26.03.2026 19:57:53-debug:   Number of all scenes: 1
26.03.2026 19:57:53-debug:   Number of all scripts: 21
26.03.2026 19:57:53-debug:   Number of other assets: 355
26.03.2026 19:57:53-debug: Init bundle root assets success..., progress: 0%
26.03.2026 19:57:53-debug: // ---- build task Query asset bundle ---- (7ms)
26.03.2026 19:57:53-debug: [Build Memory track]: Query asset bundle start:209.21MB, end 209.80MB, increase: 602.73KB
26.03.2026 19:57:53-log: run build task Query asset bundle success in 7 ms√, progress: 5%
26.03.2026 19:57:53-debug: // ---- build task Query asset bundle ----
26.03.2026 19:57:53-debug: Query asset bundle start, progress: 5%
26.03.2026 19:57:53-debug: // ---- build task Query asset bundle ---- (4ms)
26.03.2026 19:57:53-log: run build task Query asset bundle success in 4 ms√, progress: 10%
26.03.2026 19:57:53-debug: [Build Memory track]: Query asset bundle start:209.83MB, end 209.91MB, increase: 88.47KB
26.03.2026 19:57:53-debug: Sort some build options to settings.json start, progress: 10%
26.03.2026 19:57:53-debug: // ---- build task Sort some build options to settings.json ----
26.03.2026 19:57:53-debug: // ---- build task Sort some build options to settings.json ---- (1ms)
26.03.2026 19:57:53-log: run build task Sort some build options to settings.json success in 1 ms√, progress: 12%
26.03.2026 19:57:53-debug: Fill script data to settings start, progress: 12%
26.03.2026 19:57:53-debug: // ---- build task Fill script data to settings ----
26.03.2026 19:57:53-debug: [Build Memory track]: Sort some build options to settings.json start:209.94MB, end 209.96MB, increase: 24.51KB
26.03.2026 19:57:53-debug: // ---- build task Fill script data to settings ---- (2ms)
26.03.2026 19:57:53-debug: [Build Memory track]: Fill script data to settings start:209.99MB, end 210.02MB, increase: 27.45KB
26.03.2026 19:57:53-debug: // ---- build task Sort some build options to settings.json ----
26.03.2026 19:57:53-debug: Sort some build options to settings.json start, progress: 13%
26.03.2026 19:57:53-log: run build task Fill script data to settings success in 2 ms√, progress: 13%
26.03.2026 19:57:53-debug: // ---- build task Sort some build options to settings.json ---- (11ms)
26.03.2026 19:57:53-log: run build task Sort some build options to settings.json success in 11 ms√, progress: 15%
26.03.2026 19:57:53-debug: [Build Memory track]: Sort some build options to settings.json start:210.04MB, end 210.18MB, increase: 135.21KB
26.03.2026 19:58:03-debug: refresh db internal success
26.03.2026 19:58:03-debug: refresh db assets success
26.03.2026 19:58:03-debug: Run asset db hook engine-extends:afterRefresh ...
26.03.2026 19:58:03-debug: Run asset db hook engine-extends:afterRefresh success!
26.03.2026 19:58:03-debug: asset-db:refresh-all-database (117ms)
26.03.2026 19:58:03-debug: asset-db-hook-engine-extends-afterRefresh (2ms)
26.03.2026 19:58:06-debug: %cImport%c: D:\Dev\Games\gambling-mini-game\assets\scenes\Main.scenebackground: #aaff85; color: #000;color: #000;
26.03.2026 19:58:06-debug: asset-db:reimport-asset7c3b3c5a-08bc-4acd-a671-0609bb3d8341 (18ms)
26.03.2026 19:58:07-debug: Query all assets info in project
26.03.2026 19:58:07-debug: init custom config: keepNodeUuid: false, useCache: true
26.03.2026 19:58:07-debug: Skip compress image, progress: 0%
26.03.2026 19:58:07-debug: Init all bundles start..., progress: 0%
26.03.2026 19:58:07-debug: Num of bundles: 2..., progress: 0%
26.03.2026 19:58:07-debug: Init bundle root assets start..., progress: 0%
26.03.2026 19:58:07-debug: // ---- build task Query asset bundle ----
26.03.2026 19:58:07-debug: Query asset bundle start, progress: 0%
26.03.2026 19:58:07-debug: Query preload assets/scripts from cc.config.json: 60f7195c-ec2a-45eb-ba94-8955f60e81d0,1c02ae6f-4492-4915-b8f8-7492a3b1e4cd,810e96e4-e456-4468-9b59-f4e8f39732c0,efe8e2a3-eace-427b-b4f1-cb8a937ec77d,e9aa9a3e-5b2b-4ac7-a2c7-073de2b2b24f,8bbdbcdd-5cd4-4100-b6d5-b7c9625b6107,50f4348b-c883-4e2f-8f11-ce233b859fa1,fda095cb-831d-4601-ad94-846013963de8,f92806d7-1768-443f-afe8-12bcde84d0f0,dd3a144d-ab7f-41f0-82b8-2e43a090d496,f0416e68-0200-4b77-a926-4f9d16e494da,970b0598-bcb0-4714-91fb-2e81440dccd8,bcd64cc6-2dd9-43f6-abbe-66318d332032,d930590d-bb92-4cc8-8bd1-23cd027f9edf,a3cd009f-0ab0-420d-9278-b9fdab939bbc,6a2d0734-bd9e-4ddf-946e-caa52498cb75,c27215d8-6835-4b68-bfbb-bdeac6100c04,b5d6115f-0370-4d7c-aad3-c194cc71cf98,871c3b6c-7379-419d-bda3-794b239ab90d,ff9b0199-ce04-4cfe-86cc-6c719f08d6e4,de1c2107-70c8-4021-8459-6399f24d01c6,cbf30902-517f-40dc-af90-a550bac27cf1
26.03.2026 19:58:07-debug:   Number of all scripts: 21
26.03.2026 19:58:07-debug:   Number of other assets: 355
26.03.2026 19:58:07-debug: Init bundle root assets success..., progress: 0%
26.03.2026 19:58:07-debug:   Number of all scenes: 1
26.03.2026 19:58:07-debug: // ---- build task Query asset bundle ---- (7ms)
26.03.2026 19:58:07-log: run build task Query asset bundle success in 7 ms√, progress: 5%
26.03.2026 19:58:07-debug: [Build Memory track]: Query asset bundle start:205.69MB, end 206.26MB, increase: 583.90KB
26.03.2026 19:58:07-debug: // ---- build task Query asset bundle ----
26.03.2026 19:58:07-debug: Query asset bundle start, progress: 5%
26.03.2026 19:58:07-debug: // ---- build task Query asset bundle ---- (4ms)
26.03.2026 19:58:07-log: run build task Query asset bundle success in 4 ms√, progress: 10%
26.03.2026 19:58:07-debug: [Build Memory track]: Query asset bundle start:206.29MB, end 205.63MB, increase: -667.09KB
26.03.2026 19:58:07-debug: // ---- build task Sort some build options to settings.json ----
26.03.2026 19:58:07-debug: Sort some build options to settings.json start, progress: 10%
26.03.2026 19:58:07-debug: // ---- build task Sort some build options to settings.json ---- (1ms)
26.03.2026 19:58:07-log: run build task Sort some build options to settings.json success in 1 ms√, progress: 12%
26.03.2026 19:58:07-debug: [Build Memory track]: Sort some build options to settings.json start:205.66MB, end 205.69MB, increase: 27.59KB
26.03.2026 19:58:07-debug: Fill script data to settings start, progress: 12%
26.03.2026 19:58:07-debug: // ---- build task Fill script data to settings ----
26.03.2026 19:58:07-debug: // ---- build task Fill script data to settings ---- (2ms)
26.03.2026 19:58:07-debug: [Build Memory track]: Fill script data to settings start:205.72MB, end 205.74MB, increase: 29.04KB
26.03.2026 19:58:07-debug: Sort some build options to settings.json start, progress: 13%
26.03.2026 19:58:07-debug: // ---- build task Sort some build options to settings.json ----
26.03.2026 19:58:07-log: run build task Fill script data to settings success in 2 ms√, progress: 13%
26.03.2026 19:58:07-debug: // ---- build task Sort some build options to settings.json ---- (6ms)
26.03.2026 19:58:07-log: run build task Sort some build options to settings.json success in 6 ms√, progress: 15%
26.03.2026 19:58:07-debug: [Build Memory track]: Sort some build options to settings.json start:205.77MB, end 205.91MB, increase: 138.23KB
26.03.2026 19:58:23-debug: %cImport%c: D:\Dev\Games\gambling-mini-game\assets\materials\wheel-glow.mtlbackground: #aaff85; color: #000;color: #000;
26.03.2026 19:58:23-debug: asset-db:reimport-asset7f962d7e-3f8d-480d-9cdd-101b58ac7d23 (14ms)
26.03.2026 19:59:35-debug: refresh db internal success
26.03.2026 19:59:35-debug: refresh db assets success
26.03.2026 19:59:35-debug: Run asset db hook engine-extends:afterRefresh ...
26.03.2026 19:59:35-debug: Run asset db hook engine-extends:afterRefresh success!
26.03.2026 19:59:35-debug: asset-db:refresh-all-database (117ms)
26.03.2026 19:59:35-debug: asset-db-hook-engine-extends-afterRefresh (1ms)
26.03.2026 19:59:38-debug: %cImport%c: D:\Dev\Games\gambling-mini-game\assets\scenes\Main.scenebackground: #aaff85; color: #000;color: #000;
26.03.2026 19:59:38-debug: asset-db:reimport-asset7c3b3c5a-08bc-4acd-a671-0609bb3d8341 (19ms)
26.03.2026 19:59:39-debug: Query all assets info in project
26.03.2026 19:59:39-debug: init custom config: keepNodeUuid: false, useCache: true
26.03.2026 19:59:39-debug: Skip compress image, progress: 0%
26.03.2026 19:59:39-debug: Init all bundles start..., progress: 0%
26.03.2026 19:59:39-debug: Num of bundles: 2..., progress: 0%
26.03.2026 19:59:39-debug: Query asset bundle start, progress: 0%
26.03.2026 19:59:39-debug: // ---- build task Query asset bundle ----
26.03.2026 19:59:39-debug: Init bundle root assets start..., progress: 0%
26.03.2026 19:59:39-debug: Query preload assets/scripts from cc.config.json: 60f7195c-ec2a-45eb-ba94-8955f60e81d0,1c02ae6f-4492-4915-b8f8-7492a3b1e4cd,810e96e4-e456-4468-9b59-f4e8f39732c0,efe8e2a3-eace-427b-b4f1-cb8a937ec77d,e9aa9a3e-5b2b-4ac7-a2c7-073de2b2b24f,8bbdbcdd-5cd4-4100-b6d5-b7c9625b6107,50f4348b-c883-4e2f-8f11-ce233b859fa1,fda095cb-831d-4601-ad94-846013963de8,f92806d7-1768-443f-afe8-12bcde84d0f0,dd3a144d-ab7f-41f0-82b8-2e43a090d496,f0416e68-0200-4b77-a926-4f9d16e494da,970b0598-bcb0-4714-91fb-2e81440dccd8,bcd64cc6-2dd9-43f6-abbe-66318d332032,d930590d-bb92-4cc8-8bd1-23cd027f9edf,a3cd009f-0ab0-420d-9278-b9fdab939bbc,6a2d0734-bd9e-4ddf-946e-caa52498cb75,c27215d8-6835-4b68-bfbb-bdeac6100c04,b5d6115f-0370-4d7c-aad3-c194cc71cf98,871c3b6c-7379-419d-bda3-794b239ab90d,ff9b0199-ce04-4cfe-86cc-6c719f08d6e4,de1c2107-70c8-4021-8459-6399f24d01c6,cbf30902-517f-40dc-af90-a550bac27cf1
26.03.2026 19:59:39-debug:   Number of all scripts: 21
26.03.2026 19:59:39-debug: Init bundle root assets success..., progress: 0%
26.03.2026 19:59:39-debug:   Number of all scenes: 1
26.03.2026 19:59:39-debug:   Number of other assets: 355
26.03.2026 19:59:39-debug: // ---- build task Query asset bundle ---- (6ms)
26.03.2026 19:59:39-debug: [Build Memory track]: Query asset bundle start:207.14MB, end 206.97MB, increase: -174.53KB
26.03.2026 19:59:39-log: run build task Query asset bundle success in 6 ms√, progress: 5%
26.03.2026 19:59:39-debug: Query asset bundle start, progress: 5%
26.03.2026 19:59:39-debug: // ---- build task Query asset bundle ----
26.03.2026 19:59:39-debug: // ---- build task Query asset bundle ---- (3ms)
26.03.2026 19:59:39-log: run build task Query asset bundle success in 3 ms√, progress: 10%
26.03.2026 19:59:39-debug: // ---- build task Sort some build options to settings.json ----
26.03.2026 19:59:39-debug: [Build Memory track]: Query asset bundle start:207.01MB, end 207.10MB, increase: 97.25KB
26.03.2026 19:59:39-debug: Sort some build options to settings.json start, progress: 10%
26.03.2026 19:59:39-debug: // ---- build task Sort some build options to settings.json ---- (1ms)
26.03.2026 19:59:39-log: run build task Sort some build options to settings.json success in 1 ms√, progress: 12%
26.03.2026 19:59:39-debug: [Build Memory track]: Sort some build options to settings.json start:207.13MB, end 207.16MB, increase: 27.93KB
26.03.2026 19:59:39-debug: // ---- build task Fill script data to settings ----
26.03.2026 19:59:39-debug: Fill script data to settings start, progress: 12%
26.03.2026 19:59:39-debug: // ---- build task Fill script data to settings ---- (2ms)
26.03.2026 19:59:39-log: run build task Fill script data to settings success in 2 ms√, progress: 13%
26.03.2026 19:59:39-debug: [Build Memory track]: Fill script data to settings start:207.18MB, end 207.21MB, increase: 25.64KB
26.03.2026 19:59:39-debug: Sort some build options to settings.json start, progress: 13%
26.03.2026 19:59:39-debug: // ---- build task Sort some build options to settings.json ----
26.03.2026 19:59:39-debug: // ---- build task Sort some build options to settings.json ---- (6ms)
26.03.2026 19:59:39-log: run build task Sort some build options to settings.json success in 6 ms√, progress: 15%
26.03.2026 19:59:39-debug: [Build Memory track]: Sort some build options to settings.json start:207.23MB, end 207.36MB, increase: 127.22KB
26.03.2026 20:00:27-debug: refresh db internal success
26.03.2026 20:00:27-debug: refresh db assets success
26.03.2026 20:00:27-debug: Run asset db hook engine-extends:afterRefresh ...
26.03.2026 20:00:27-debug: Run asset db hook engine-extends:afterRefresh success!
26.03.2026 20:00:27-debug: asset-db:refresh-all-database (118ms)
26.03.2026 20:00:27-debug: asset-db:worker-effect-data-processing (1ms)
26.03.2026 20:00:27-debug: asset-db-hook-engine-extends-afterRefresh (2ms)
26.03.2026 20:00:33-debug: refresh db internal success
26.03.2026 20:00:33-debug: refresh db assets success
26.03.2026 20:00:33-debug: Run asset db hook engine-extends:afterRefresh ...
26.03.2026 20:00:33-debug: Run asset db hook engine-extends:afterRefresh success!
26.03.2026 20:00:33-debug: asset-db:refresh-all-database (115ms)
26.03.2026 20:00:33-debug: asset-db:worker-effect-data-processing (1ms)
26.03.2026 20:00:33-debug: asset-db-hook-engine-extends-afterRefresh (2ms)
26.03.2026 20:00:36-debug: refresh db internal success
26.03.2026 20:00:36-debug: refresh db assets success
26.03.2026 20:00:36-debug: Run asset db hook engine-extends:afterRefresh ...
26.03.2026 20:00:36-debug: Run asset db hook engine-extends:afterRefresh success!
26.03.2026 20:00:36-debug: asset-db:refresh-all-database (106ms)
26.03.2026 20:00:36-debug: asset-db-hook-engine-extends-afterRefresh (2ms)
26.03.2026 20:00:36-debug: asset-db:worker-effect-data-processing (2ms)
26.03.2026 20:00:37-debug: %cImport%c: D:\Dev\Games\gambling-mini-game\assets\scenes\Main.scenebackground: #aaff85; color: #000;color: #000;
26.03.2026 20:00:37-debug: asset-db:reimport-asset7c3b3c5a-08bc-4acd-a671-0609bb3d8341 (18ms)
26.03.2026 20:00:38-debug: Query all assets info in project
26.03.2026 20:00:38-debug: init custom config: keepNodeUuid: false, useCache: true
26.03.2026 20:00:38-debug: Skip compress image, progress: 0%
26.03.2026 20:00:38-debug: Init all bundles start..., progress: 0%
26.03.2026 20:00:38-debug: Num of bundles: 2..., progress: 0%
26.03.2026 20:00:38-debug: // ---- build task Query asset bundle ----
26.03.2026 20:00:38-debug: Init bundle root assets start..., progress: 0%
26.03.2026 20:00:38-debug: Query asset bundle start, progress: 0%
26.03.2026 20:00:38-debug: Query preload assets/scripts from cc.config.json: 60f7195c-ec2a-45eb-ba94-8955f60e81d0,1c02ae6f-4492-4915-b8f8-7492a3b1e4cd,810e96e4-e456-4468-9b59-f4e8f39732c0,efe8e2a3-eace-427b-b4f1-cb8a937ec77d,e9aa9a3e-5b2b-4ac7-a2c7-073de2b2b24f,8bbdbcdd-5cd4-4100-b6d5-b7c9625b6107,50f4348b-c883-4e2f-8f11-ce233b859fa1,fda095cb-831d-4601-ad94-846013963de8,f92806d7-1768-443f-afe8-12bcde84d0f0,dd3a144d-ab7f-41f0-82b8-2e43a090d496,f0416e68-0200-4b77-a926-4f9d16e494da,970b0598-bcb0-4714-91fb-2e81440dccd8,bcd64cc6-2dd9-43f6-abbe-66318d332032,d930590d-bb92-4cc8-8bd1-23cd027f9edf,a3cd009f-0ab0-420d-9278-b9fdab939bbc,6a2d0734-bd9e-4ddf-946e-caa52498cb75,c27215d8-6835-4b68-bfbb-bdeac6100c04,b5d6115f-0370-4d7c-aad3-c194cc71cf98,871c3b6c-7379-419d-bda3-794b239ab90d,ff9b0199-ce04-4cfe-86cc-6c719f08d6e4,de1c2107-70c8-4021-8459-6399f24d01c6,cbf30902-517f-40dc-af90-a550bac27cf1
26.03.2026 20:00:38-debug:   Number of other assets: 355
26.03.2026 20:00:38-debug: Init bundle root assets success..., progress: 0%
26.03.2026 20:00:38-debug:   Number of all scenes: 1
26.03.2026 20:00:38-debug:   Number of all scripts: 21
26.03.2026 20:00:38-debug: // ---- build task Query asset bundle ---- (6ms)
26.03.2026 20:00:38-log: run build task Query asset bundle success in 6 ms√, progress: 5%
26.03.2026 20:00:38-debug: [Build Memory track]: Query asset bundle start:211.04MB, end 209.68MB, increase: -1393.09KB
26.03.2026 20:00:38-debug: // ---- build task Query asset bundle ----
26.03.2026 20:00:38-debug: Query asset bundle start, progress: 5%
26.03.2026 20:00:38-debug: // ---- build task Query asset bundle ---- (3ms)
26.03.2026 20:00:38-log: run build task Query asset bundle success in 3 ms√, progress: 10%
26.03.2026 20:00:38-debug: [Build Memory track]: Query asset bundle start:209.71MB, end 209.80MB, increase: 96.16KB
26.03.2026 20:00:38-debug: // ---- build task Sort some build options to settings.json ----
26.03.2026 20:00:38-debug: Sort some build options to settings.json start, progress: 10%
26.03.2026 20:00:38-debug: // ---- build task Sort some build options to settings.json ---- (1ms)
26.03.2026 20:00:38-log: run build task Sort some build options to settings.json success in 1 ms√, progress: 12%
26.03.2026 20:00:38-debug: [Build Memory track]: Sort some build options to settings.json start:209.83MB, end 209.86MB, increase: 25.89KB
26.03.2026 20:00:38-debug: // ---- build task Fill script data to settings ----
26.03.2026 20:00:38-debug: Fill script data to settings start, progress: 12%
26.03.2026 20:00:38-debug: // ---- build task Fill script data to settings ---- (1ms)
26.03.2026 20:00:38-log: run build task Fill script data to settings success in 1 ms√, progress: 13%
26.03.2026 20:00:38-debug: [Build Memory track]: Fill script data to settings start:209.88MB, end 209.91MB, increase: 25.63KB
26.03.2026 20:00:38-debug: Sort some build options to settings.json start, progress: 13%
26.03.2026 20:00:38-debug: // ---- build task Sort some build options to settings.json ----
26.03.2026 20:00:38-debug: // ---- build task Sort some build options to settings.json ---- (3ms)
26.03.2026 20:00:38-log: run build task Sort some build options to settings.json success in 3 ms√, progress: 15%
26.03.2026 20:00:38-debug: [Build Memory track]: Sort some build options to settings.json start:209.94MB, end 210.07MB, increase: 132.05KB
26.03.2026 20:00:41-debug: %cImport%c: D:\Dev\Games\gambling-mini-game\assets\scenes\Main.scenebackground: #aaff85; color: #000;color: #000;
26.03.2026 20:00:41-debug: asset-db:reimport-asset7c3b3c5a-08bc-4acd-a671-0609bb3d8341 (17ms)
26.03.2026 20:00:42-debug: Query all assets info in project
26.03.2026 20:00:42-debug: init custom config: keepNodeUuid: false, useCache: true
26.03.2026 20:00:42-debug: Skip compress image, progress: 0%
26.03.2026 20:00:42-debug: Init all bundles start..., progress: 0%
26.03.2026 20:00:42-debug: Num of bundles: 2..., progress: 0%
26.03.2026 20:00:42-debug: Query asset bundle start, progress: 0%
26.03.2026 20:00:42-debug: Init bundle root assets start..., progress: 0%
26.03.2026 20:00:42-debug: // ---- build task Query asset bundle ----
26.03.2026 20:00:42-debug: Query preload assets/scripts from cc.config.json: 60f7195c-ec2a-45eb-ba94-8955f60e81d0,1c02ae6f-4492-4915-b8f8-7492a3b1e4cd,810e96e4-e456-4468-9b59-f4e8f39732c0,efe8e2a3-eace-427b-b4f1-cb8a937ec77d,e9aa9a3e-5b2b-4ac7-a2c7-073de2b2b24f,8bbdbcdd-5cd4-4100-b6d5-b7c9625b6107,50f4348b-c883-4e2f-8f11-ce233b859fa1,fda095cb-831d-4601-ad94-846013963de8,f92806d7-1768-443f-afe8-12bcde84d0f0,dd3a144d-ab7f-41f0-82b8-2e43a090d496,f0416e68-0200-4b77-a926-4f9d16e494da,970b0598-bcb0-4714-91fb-2e81440dccd8,bcd64cc6-2dd9-43f6-abbe-66318d332032,d930590d-bb92-4cc8-8bd1-23cd027f9edf,a3cd009f-0ab0-420d-9278-b9fdab939bbc,6a2d0734-bd9e-4ddf-946e-caa52498cb75,c27215d8-6835-4b68-bfbb-bdeac6100c04,b5d6115f-0370-4d7c-aad3-c194cc71cf98,871c3b6c-7379-419d-bda3-794b239ab90d,ff9b0199-ce04-4cfe-86cc-6c719f08d6e4,de1c2107-70c8-4021-8459-6399f24d01c6,cbf30902-517f-40dc-af90-a550bac27cf1
26.03.2026 20:00:42-debug:   Number of all scenes: 1
26.03.2026 20:00:42-debug:   Number of all scripts: 21
26.03.2026 20:00:42-debug:   Number of other assets: 355
26.03.2026 20:00:42-debug: Init bundle root assets success..., progress: 0%
26.03.2026 20:00:42-debug: // ---- build task Query asset bundle ---- (6ms)
26.03.2026 20:00:42-log: run build task Query asset bundle success in 6 ms√, progress: 5%
26.03.2026 20:00:42-debug: [Build Memory track]: Query asset bundle start:209.76MB, end 210.32MB, increase: 573.24KB
26.03.2026 20:00:42-debug: // ---- build task Query asset bundle ----
26.03.2026 20:00:42-debug: Query asset bundle start, progress: 5%
26.03.2026 20:00:42-debug: // ---- build task Query asset bundle ---- (2ms)
26.03.2026 20:00:42-log: run build task Query asset bundle success in 2 ms√, progress: 10%
26.03.2026 20:00:42-debug: [Build Memory track]: Query asset bundle start:210.35MB, end 210.44MB, increase: 88.04KB
26.03.2026 20:00:42-debug: // ---- build task Sort some build options to settings.json ----
26.03.2026 20:00:42-debug: Sort some build options to settings.json start, progress: 10%
26.03.2026 20:00:42-debug: // ---- build task Sort some build options to settings.json ---- (1ms)
26.03.2026 20:00:42-log: run build task Sort some build options to settings.json success in 1 ms√, progress: 12%
26.03.2026 20:00:42-debug: [Build Memory track]: Sort some build options to settings.json start:210.46MB, end 210.49MB, increase: 25.84KB
26.03.2026 20:00:42-debug: Fill script data to settings start, progress: 12%
26.03.2026 20:00:42-debug: // ---- build task Fill script data to settings ----
26.03.2026 20:00:42-log: run build task Fill script data to settings success in √, progress: 13%
26.03.2026 20:00:42-debug: [Build Memory track]: Fill script data to settings start:210.52MB, end 209.79MB, increase: -748.93KB
26.03.2026 20:00:42-debug: Sort some build options to settings.json start, progress: 13%
26.03.2026 20:00:42-debug: // ---- build task Sort some build options to settings.json ----
26.03.2026 20:00:42-debug: // ---- build task Sort some build options to settings.json ---- (4ms)
26.03.2026 20:00:42-debug: [Build Memory track]: Sort some build options to settings.json start:209.81MB, end 209.94MB, increase: 131.91KB
26.03.2026 20:00:42-log: run build task Sort some build options to settings.json success in 4 ms√, progress: 15%
26.03.2026 20:01:03-debug: %cImport%c: D:\Dev\Games\gambling-mini-game\assets\scenes\Main.scenebackground: #aaff85; color: #000;color: #000;
26.03.2026 20:01:03-debug: asset-db:reimport-asset7c3b3c5a-08bc-4acd-a671-0609bb3d8341 (17ms)
26.03.2026 20:01:03-debug: Query all assets info in project
26.03.2026 20:01:03-debug: init custom config: keepNodeUuid: false, useCache: true
26.03.2026 20:01:03-debug: Skip compress image, progress: 0%
26.03.2026 20:01:03-debug: Init all bundles start..., progress: 0%
26.03.2026 20:01:03-debug: Num of bundles: 2..., progress: 0%
26.03.2026 20:01:03-debug: Init bundle root assets start..., progress: 0%
26.03.2026 20:01:03-debug: // ---- build task Query asset bundle ----
26.03.2026 20:01:03-debug: Query asset bundle start, progress: 0%
26.03.2026 20:01:03-debug:   Number of all scenes: 1
26.03.2026 20:01:03-debug:   Number of all scripts: 21
26.03.2026 20:01:03-debug: Query preload assets/scripts from cc.config.json: 60f7195c-ec2a-45eb-ba94-8955f60e81d0,1c02ae6f-4492-4915-b8f8-7492a3b1e4cd,810e96e4-e456-4468-9b59-f4e8f39732c0,efe8e2a3-eace-427b-b4f1-cb8a937ec77d,e9aa9a3e-5b2b-4ac7-a2c7-073de2b2b24f,8bbdbcdd-5cd4-4100-b6d5-b7c9625b6107,50f4348b-c883-4e2f-8f11-ce233b859fa1,fda095cb-831d-4601-ad94-846013963de8,f92806d7-1768-443f-afe8-12bcde84d0f0,dd3a144d-ab7f-41f0-82b8-2e43a090d496,f0416e68-0200-4b77-a926-4f9d16e494da,970b0598-bcb0-4714-91fb-2e81440dccd8,bcd64cc6-2dd9-43f6-abbe-66318d332032,d930590d-bb92-4cc8-8bd1-23cd027f9edf,a3cd009f-0ab0-420d-9278-b9fdab939bbc,6a2d0734-bd9e-4ddf-946e-caa52498cb75,c27215d8-6835-4b68-bfbb-bdeac6100c04,b5d6115f-0370-4d7c-aad3-c194cc71cf98,871c3b6c-7379-419d-bda3-794b239ab90d,ff9b0199-ce04-4cfe-86cc-6c719f08d6e4,de1c2107-70c8-4021-8459-6399f24d01c6,cbf30902-517f-40dc-af90-a550bac27cf1
26.03.2026 20:01:03-debug: Init bundle root assets success..., progress: 0%
26.03.2026 20:01:03-log: run build task Query asset bundle success in 5 ms√, progress: 5%
26.03.2026 20:01:03-debug:   Number of other assets: 355
26.03.2026 20:01:03-debug: [Build Memory track]: Query asset bundle start:210.24MB, end 210.02MB, increase: -216.50KB
26.03.2026 20:01:03-debug: // ---- build task Query asset bundle ---- (5ms)
26.03.2026 20:01:03-debug: // ---- build task Query asset bundle ----
26.03.2026 20:01:03-debug: Query asset bundle start, progress: 5%
26.03.2026 20:01:03-debug: // ---- build task Query asset bundle ---- (2ms)
26.03.2026 20:01:03-log: run build task Query asset bundle success in 2 ms√, progress: 10%
26.03.2026 20:01:03-debug: [Build Memory track]: Query asset bundle start:210.06MB, end 210.15MB, increase: 96.68KB
26.03.2026 20:01:03-debug: Sort some build options to settings.json start, progress: 10%
26.03.2026 20:01:03-debug: // ---- build task Sort some build options to settings.json ----
26.03.2026 20:01:03-log: run build task Sort some build options to settings.json success in √, progress: 12%
26.03.2026 20:01:03-debug: [Build Memory track]: Sort some build options to settings.json start:210.18MB, end 210.19MB, increase: 16.80KB
26.03.2026 20:01:03-debug: // ---- build task Fill script data to settings ----
26.03.2026 20:01:03-debug: Fill script data to settings start, progress: 12%
26.03.2026 20:01:03-debug: // ---- build task Fill script data to settings ---- (1ms)
26.03.2026 20:01:03-log: run build task Fill script data to settings success in 1 ms√, progress: 13%
26.03.2026 20:01:03-debug: [Build Memory track]: Fill script data to settings start:210.22MB, end 210.25MB, increase: 26.02KB
26.03.2026 20:01:03-debug: Sort some build options to settings.json start, progress: 13%
26.03.2026 20:01:03-debug: // ---- build task Sort some build options to settings.json ----
26.03.2026 20:01:03-debug: // ---- build task Sort some build options to settings.json ---- (4ms)
26.03.2026 20:01:03-log: run build task Sort some build options to settings.json success in 4 ms√, progress: 15%
26.03.2026 20:01:03-debug: [Build Memory track]: Sort some build options to settings.json start:210.27MB, end 210.40MB, increase: 132.37KB
26.03.2026 20:54:48-debug: refresh db internal success
26.03.2026 20:54:48-debug: refresh db assets success
26.03.2026 20:54:48-debug: Run asset db hook engine-extends:afterRefresh ...
26.03.2026 20:54:48-debug: Run asset db hook engine-extends:afterRefresh success!
26.03.2026 20:54:48-debug: asset-db:refresh-all-database (130ms)
26.03.2026 20:54:48-debug: asset-db:worker-effect-data-processing (2ms)
26.03.2026 20:54:48-debug: asset-db-hook-engine-extends-afterRefresh (3ms)
26.03.2026 20:55:03-debug: %cImport%c: D:\Dev\Games\gambling-mini-game\assets\scenes\Main.scenebackground: #aaff85; color: #000;color: #000;
26.03.2026 20:55:03-debug: asset-db:reimport-asset7c3b3c5a-08bc-4acd-a671-0609bb3d8341 (26ms)
26.03.2026 20:55:04-debug: Query all assets info in project
26.03.2026 20:55:04-debug: init custom config: keepNodeUuid: false, useCache: true
26.03.2026 20:55:04-debug: Skip compress image, progress: 0%
26.03.2026 20:55:04-debug: Init all bundles start..., progress: 0%
26.03.2026 20:55:04-debug: Num of bundles: 2..., progress: 0%
26.03.2026 20:55:04-debug: // ---- build task Query asset bundle ----
26.03.2026 20:55:04-debug: Init bundle root assets start..., progress: 0%
26.03.2026 20:55:04-debug: Query asset bundle start, progress: 0%
26.03.2026 20:55:04-debug: Query preload assets/scripts from cc.config.json: 60f7195c-ec2a-45eb-ba94-8955f60e81d0,1c02ae6f-4492-4915-b8f8-7492a3b1e4cd,810e96e4-e456-4468-9b59-f4e8f39732c0,efe8e2a3-eace-427b-b4f1-cb8a937ec77d,e9aa9a3e-5b2b-4ac7-a2c7-073de2b2b24f,8bbdbcdd-5cd4-4100-b6d5-b7c9625b6107,50f4348b-c883-4e2f-8f11-ce233b859fa1,fda095cb-831d-4601-ad94-846013963de8,f92806d7-1768-443f-afe8-12bcde84d0f0,dd3a144d-ab7f-41f0-82b8-2e43a090d496,f0416e68-0200-4b77-a926-4f9d16e494da,970b0598-bcb0-4714-91fb-2e81440dccd8,bcd64cc6-2dd9-43f6-abbe-66318d332032,d930590d-bb92-4cc8-8bd1-23cd027f9edf,a3cd009f-0ab0-420d-9278-b9fdab939bbc,6a2d0734-bd9e-4ddf-946e-caa52498cb75,c27215d8-6835-4b68-bfbb-bdeac6100c04,b5d6115f-0370-4d7c-aad3-c194cc71cf98,871c3b6c-7379-419d-bda3-794b239ab90d,ff9b0199-ce04-4cfe-86cc-6c719f08d6e4,de1c2107-70c8-4021-8459-6399f24d01c6,cbf30902-517f-40dc-af90-a550bac27cf1
26.03.2026 20:55:04-debug:   Number of all scenes: 1
26.03.2026 20:55:04-debug:   Number of all scripts: 21
26.03.2026 20:55:04-debug: // ---- build task Query asset bundle ---- (5ms)
26.03.2026 20:55:04-debug: Init bundle root assets success..., progress: 0%
26.03.2026 20:55:04-debug: [Build Memory track]: Query asset bundle start:211.46MB, end 211.24MB, increase: -228.96KB
26.03.2026 20:55:04-log: run build task Query asset bundle success in 5 ms√, progress: 5%
26.03.2026 20:55:04-debug:   Number of other assets: 355
26.03.2026 20:55:04-debug: Query asset bundle start, progress: 5%
26.03.2026 20:55:04-debug: // ---- build task Query asset bundle ----
26.03.2026 20:55:04-debug: // ---- build task Query asset bundle ---- (2ms)
26.03.2026 20:55:04-log: run build task Query asset bundle success in 2 ms√, progress: 10%
26.03.2026 20:55:04-debug: [Build Memory track]: Query asset bundle start:211.27MB, end 211.35MB, increase: 90.08KB
26.03.2026 20:55:04-debug: Sort some build options to settings.json start, progress: 10%
26.03.2026 20:55:04-debug: // ---- build task Sort some build options to settings.json ----
26.03.2026 20:55:04-debug: // ---- build task Sort some build options to settings.json ---- (1ms)
26.03.2026 20:55:04-log: run build task Sort some build options to settings.json success in 1 ms√, progress: 12%
26.03.2026 20:55:04-debug: [Build Memory track]: Sort some build options to settings.json start:211.38MB, end 211.41MB, increase: 26.06KB
26.03.2026 20:55:04-debug: // ---- build task Fill script data to settings ----
26.03.2026 20:55:04-debug: Fill script data to settings start, progress: 12%
26.03.2026 20:55:04-debug: // ---- build task Fill script data to settings ---- (1ms)
26.03.2026 20:55:04-log: run build task Fill script data to settings success in 1 ms√, progress: 13%
26.03.2026 20:55:04-debug: [Build Memory track]: Fill script data to settings start:211.43MB, end 211.46MB, increase: 26.45KB
26.03.2026 20:55:04-debug: // ---- build task Sort some build options to settings.json ----
26.03.2026 20:55:04-debug: Sort some build options to settings.json start, progress: 13%
26.03.2026 20:55:04-debug: // ---- build task Sort some build options to settings.json ---- (4ms)
26.03.2026 20:55:04-log: run build task Sort some build options to settings.json success in 4 ms√, progress: 15%
26.03.2026 20:55:04-debug: [Build Memory track]: Sort some build options to settings.json start:211.49MB, end 211.61MB, increase: 126.78KB
26.03.2026 20:55:29-debug: refresh db internal success
26.03.2026 20:55:29-debug: refresh db assets success
26.03.2026 20:55:29-debug: Run asset db hook engine-extends:afterRefresh ...
26.03.2026 20:55:29-debug: Run asset db hook engine-extends:afterRefresh success!
26.03.2026 20:55:29-debug: asset-db:refresh-all-database (112ms)
26.03.2026 20:55:29-debug: asset-db:worker-effect-data-processing (1ms)
26.03.2026 20:55:29-debug: asset-db-hook-engine-extends-afterRefresh (1ms)
26.03.2026 20:57:37-debug: refresh db internal success
26.03.2026 20:57:37-debug: %cImport%c: D:\Dev\Games\gambling-mini-game\assets\materials\wheel-glow.effectbackground: #aaff85; color: #000;color: #000;
26.03.2026 20:57:37-error: ../materials/wheel-glow.effect - fs: Error EFX2001: can not resolve 'builtin/uniforms/cc-sprite'
26.03.2026 20:57:37-debug: refresh db assets success
26.03.2026 20:57:37-debug: Run asset db hook engine-extends:afterRefresh ...
26.03.2026 20:57:37-debug: Run asset db hook engine-extends:afterRefresh success!
26.03.2026 20:57:37-debug: asset-db:refresh-all-database (134ms)
26.03.2026 20:57:37-debug: asset-db:worker-effect-data-processing (2ms)
26.03.2026 20:57:37-debug: asset-db-hook-engine-extends-afterRefresh (2ms)
26.03.2026 20:57:37-debug: %cImport%c: D:\Dev\Games\gambling-mini-game\assets\materials\wheel-glow.mtlbackground: #aaff85; color: #000;color: #000;
26.03.2026 20:58:28-debug: refresh db internal success
26.03.2026 20:58:28-debug: %cImport%c: D:\Dev\Games\gambling-mini-game\assets\materials\wheel-glow.effectbackground: #aaff85; color: #000;color: #000;
26.03.2026 20:58:28-error: ../materials/wheel-glow.effect - fs: Error EFX2001: can not resolve 'builtin/uniforms/cc-sprite'
26.03.2026 20:58:28-debug: refresh db assets success
26.03.2026 20:58:28-debug: Run asset db hook engine-extends:afterRefresh ...
26.03.2026 20:58:28-debug: Run asset db hook engine-extends:afterRefresh success!
26.03.2026 20:58:28-debug: %cImport%c: D:\Dev\Games\gambling-mini-game\assets\materials\wheel-glow.mtlbackground: #aaff85; color: #000;color: #000;
26.03.2026 20:58:28-debug: asset-db:refresh-all-database (210ms)
26.03.2026 20:58:28-debug: asset-db:worker-effect-data-processing (94ms)
26.03.2026 20:58:28-debug: asset-db-hook-engine-extends-afterRefresh (94ms)
26.03.2026 20:58:32-debug: refresh db internal success
26.03.2026 20:58:32-debug: refresh db assets success
26.03.2026 20:58:32-debug: Run asset db hook engine-extends:afterRefresh ...
26.03.2026 20:58:32-debug: Run asset db hook engine-extends:afterRefresh success!
26.03.2026 20:58:32-debug: asset-db:refresh-all-database (111ms)
26.03.2026 20:58:32-debug: asset-db:worker-effect-data-processing (1ms)
26.03.2026 20:58:32-debug: asset-db-hook-engine-extends-afterRefresh (1ms)
26.03.2026 21:01:03-debug: refresh db internal success
26.03.2026 21:01:03-debug: %cImport%c: D:\Dev\Games\gambling-mini-game\assets\materials\wheel-glow.effectbackground: #aaff85; color: #000;color: #000;
26.03.2026 21:01:03-error: ../materials/wheel-glow.effect - fs: Error EFX2001: can not resolve 'builtin/uniforms/cc-sprite'
26.03.2026 21:01:03-debug: refresh db assets success
26.03.2026 21:01:03-debug: Run asset db hook engine-extends:afterRefresh success!
26.03.2026 21:01:03-debug: Run asset db hook engine-extends:afterRefresh ...
26.03.2026 21:01:03-debug: asset-db:refresh-all-database (161ms)
26.03.2026 21:01:03-debug: asset-db:worker-effect-data-processing (2ms)
26.03.2026 21:01:03-debug: asset-db-hook-engine-extends-afterRefresh (3ms)
26.03.2026 21:01:03-debug: %cImport%c: D:\Dev\Games\gambling-mini-game\assets\materials\wheel-glow.mtlbackground: #aaff85; color: #000;color: #000;
26.03.2026 21:08:45-debug: refresh db internal success
26.03.2026 21:08:45-debug: %cImport%c: D:\Dev\Games\gambling-mini-game\assets\materials\wheel-glow.effectbackground: #aaff85; color: #000;color: #000;
26.03.2026 21:08:45-debug: %cImport%c: D:\Dev\Games\gambling-mini-game\assets\scripts\game\WheelController.tsbackground: #aaff85; color: #000;color: #000;
26.03.2026 21:08:45-debug: refresh db assets success
26.03.2026 21:08:45-debug: Run asset db hook engine-extends:afterRefresh ...
26.03.2026 21:08:45-debug: asset-db:refresh-all-database (202ms)
26.03.2026 21:08:45-debug: %cImport%c: D:\Dev\Games\gambling-mini-game\assets\materials\wheel-glow.mtlbackground: #aaff85; color: #000;color: #000;
26.03.2026 21:08:46-debug: Query all assets info in project
26.03.2026 21:08:46-debug: init custom config: keepNodeUuid: false, useCache: true
26.03.2026 21:08:46-debug: Skip compress image, progress: 0%
26.03.2026 21:08:46-debug: Init all bundles start..., progress: 0%
26.03.2026 21:08:46-debug: Query asset bundle start, progress: 0%
26.03.2026 21:08:46-debug: // ---- build task Query asset bundle ----
26.03.2026 21:08:46-debug: Init bundle root assets start..., progress: 0%
26.03.2026 21:08:46-debug: Num of bundles: 2..., progress: 0%
26.03.2026 21:08:46-debug: Query preload assets/scripts from cc.config.json: 60f7195c-ec2a-45eb-ba94-8955f60e81d0,1c02ae6f-4492-4915-b8f8-7492a3b1e4cd,810e96e4-e456-4468-9b59-f4e8f39732c0,efe8e2a3-eace-427b-b4f1-cb8a937ec77d,e9aa9a3e-5b2b-4ac7-a2c7-073de2b2b24f,8bbdbcdd-5cd4-4100-b6d5-b7c9625b6107,50f4348b-c883-4e2f-8f11-ce233b859fa1,fda095cb-831d-4601-ad94-846013963de8,f92806d7-1768-443f-afe8-12bcde84d0f0,dd3a144d-ab7f-41f0-82b8-2e43a090d496,f0416e68-0200-4b77-a926-4f9d16e494da,970b0598-bcb0-4714-91fb-2e81440dccd8,bcd64cc6-2dd9-43f6-abbe-66318d332032,d930590d-bb92-4cc8-8bd1-23cd027f9edf,a3cd009f-0ab0-420d-9278-b9fdab939bbc,6a2d0734-bd9e-4ddf-946e-caa52498cb75,c27215d8-6835-4b68-bfbb-bdeac6100c04,b5d6115f-0370-4d7c-aad3-c194cc71cf98,871c3b6c-7379-419d-bda3-794b239ab90d,ff9b0199-ce04-4cfe-86cc-6c719f08d6e4,de1c2107-70c8-4021-8459-6399f24d01c6,cbf30902-517f-40dc-af90-a550bac27cf1
26.03.2026 21:08:46-debug:   Number of all scenes: 1
26.03.2026 21:08:46-debug:   Number of all scripts: 21
26.03.2026 21:08:46-debug:   Number of other assets: 355
26.03.2026 21:08:46-debug: Init bundle root assets success..., progress: 0%
26.03.2026 21:08:46-debug: // ---- build task Query asset bundle ---- (21ms)
26.03.2026 21:08:46-log: run build task Query asset bundle success in 21 ms√, progress: 5%
26.03.2026 21:08:46-debug: [Build Memory track]: Query asset bundle start:206.82MB, end 211.05MB, increase: 4.23MB
26.03.2026 21:08:46-debug: // ---- build task Query asset bundle ----
26.03.2026 21:08:46-debug: Query asset bundle start, progress: 5%
26.03.2026 21:08:46-debug: // ---- build task Query asset bundle ---- (6ms)
26.03.2026 21:08:46-log: run build task Query asset bundle success in 6 ms√, progress: 10%
26.03.2026 21:08:46-debug: [Build Memory track]: Query asset bundle start:211.08MB, end 212.34MB, increase: 1.26MB
26.03.2026 21:08:46-debug: Sort some build options to settings.json start, progress: 10%
26.03.2026 21:08:46-debug: // ---- build task Sort some build options to settings.json ----
26.03.2026 21:08:46-debug: // ---- build task Sort some build options to settings.json ---- (1ms)
26.03.2026 21:08:46-debug: [Build Memory track]: Sort some build options to settings.json start:212.37MB, end 212.91MB, increase: 555.52KB
26.03.2026 21:08:46-debug: Fill script data to settings start, progress: 12%
26.03.2026 21:08:46-log: run build task Sort some build options to settings.json success in 1 ms√, progress: 12%
26.03.2026 21:08:46-debug: // ---- build task Fill script data to settings ----
26.03.2026 21:08:46-log: run build task Fill script data to settings success in 1 ms√, progress: 13%
26.03.2026 21:08:46-debug: [Build Memory track]: Fill script data to settings start:212.94MB, end 213.00MB, increase: 58.80KB
26.03.2026 21:08:46-debug: // ---- build task Sort some build options to settings.json ----
26.03.2026 21:08:46-debug: // ---- build task Fill script data to settings ---- (1ms)
26.03.2026 21:08:46-debug: Sort some build options to settings.json start, progress: 13%
26.03.2026 21:08:46-debug: // ---- build task Sort some build options to settings.json ---- (9ms)
26.03.2026 21:08:46-log: run build task Sort some build options to settings.json success in 9 ms√, progress: 15%
26.03.2026 21:08:46-debug: [Build Memory track]: Sort some build options to settings.json start:213.02MB, end 203.35MB, increase: -9902.31KB
26.03.2026 21:08:46-debug: recompile effect.bin success
26.03.2026 21:08:46-debug: Run asset db hook engine-extends:afterRefresh success!
26.03.2026 21:08:46-debug: asset-db:worker-effect-data-processing (1449ms)
26.03.2026 21:08:46-debug: asset-db-hook-engine-extends-afterRefresh (1450ms)
26.03.2026 21:08:57-debug: refresh db internal success
26.03.2026 21:08:57-debug: refresh db assets success
26.03.2026 21:08:57-debug: Run asset db hook engine-extends:afterRefresh ...
26.03.2026 21:08:57-debug: Run asset db hook engine-extends:afterRefresh success!
26.03.2026 21:08:57-debug: asset-db:refresh-all-database (114ms)
26.03.2026 21:08:57-debug: asset-db:worker-effect-data-processing (1ms)
26.03.2026 21:08:57-debug: asset-db-hook-engine-extends-afterRefresh (1ms)
26.03.2026 21:09:19-debug: start remove asset D:\Dev\Games\gambling-mini-game\assets\materials\wheel-glow.mtl...
26.03.2026 21:09:20-debug: refresh db internal success
26.03.2026 21:09:20-debug: %cDestroy%c: D:\Dev\Games\gambling-mini-game\assets\materials\wheel-glow.mtlbackground: #ffb8b8; color: #000;color: #000;
26.03.2026 21:09:20-debug: %cImport%c: D:\Dev\Games\gambling-mini-game\assets\materialsbackground: #aaff85; color: #000;color: #000;
26.03.2026 21:09:20-debug: refresh db assets success
26.03.2026 21:09:20-debug: Run asset db hook engine-extends:afterRefresh ...
26.03.2026 21:09:20-debug: Run asset db hook engine-extends:afterRefresh success!
26.03.2026 21:09:20-debug: asset-db:refresh-all-database (119ms)
26.03.2026 21:09:20-debug: asset-db:worker-effect-data-processing (1ms)
26.03.2026 21:09:20-debug: asset-db-hook-engine-extends-afterRefresh (1ms)
26.03.2026 21:09:20-debug: start refresh asset from D:\Dev\Games\gambling-mini-game\assets\materials\wheel-glow.mtl...
26.03.2026 21:09:20-debug: refresh asset D:\Dev\Games\gambling-mini-game\assets\materials success
26.03.2026 21:09:20-debug: remove asset D:\Dev\Games\gambling-mini-game\assets\materials\wheel-glow.mtl success
26.03.2026 21:09:29-debug: refresh db internal success
26.03.2026 21:09:29-debug: refresh db assets success
26.03.2026 21:09:29-debug: Run asset db hook engine-extends:afterRefresh ...
26.03.2026 21:09:29-debug: Run asset db hook engine-extends:afterRefresh success!
26.03.2026 21:09:29-debug: asset-db:refresh-all-database (111ms)
26.03.2026 21:09:29-debug: asset-db:worker-effect-data-processing (1ms)
26.03.2026 21:09:29-debug: asset-db-hook-engine-extends-afterRefresh (2ms)
26.03.2026 21:09:34-debug: %cImport%c: D:\Dev\Games\gambling-mini-game\assets\scenes\Main.scenebackground: #aaff85; color: #000;color: #000;
26.03.2026 21:09:34-debug: asset-db:reimport-asset7c3b3c5a-08bc-4acd-a671-0609bb3d8341 (18ms)
